CGTN,https://0472.org/hls/cgtn.m3u8
CGTN,http://english-livetx.cgtn.com/hls/yypdyyctzb_hd.m3u8
CGTN俄语,https://0472.org/hls/cgtne.m3u8
CGTN俄语,http://russian-livews.cgtn.com/hls/LSvexABhNipibK5KRuUkvHZ7220802LSTeze9o8tdFXMHsb1VosgoT220802cd.m3u8
CGTN法语,https://0472.org/hls/cgtnf.m3u8
CGTN法语,http://espanol-liveali.cgtn.com/hls/LSveOGBaBw41Ea7ukkVAUdKQ220802LSTexu6xAuFH8VZNBLE1ZNEa220802cd.m3u8
CGTN纪录,https://0472.org/hls/cgtnd.m3u8
CGTN纪录,https://english-livetx.cgtn.com/hls/yypdjlctzb_hd.m3u8
CGTN西语,https://0472.org/hls/cgtnx.m3u8
CGTN阿语,https://0472.org/hls/cgtna.m3u8
中国交通,http://drive.mxmy.net:8888/udp/239.3.1.188:8001
熊猫直播,https://gcwbndali.v.myalicdn.com/gcwbnd/ipanda1000_2/index.m3u8
直播中国,https://gcalic.v.myalicdn.com/gc/wgw05_1/index.m3u8?contentid=2820180516001
支持作者,https://vd2.bdstatic.com/mda-scfjjr0gw3rrk0nm/sc/cae_h264/1773669284080863767/mda-scfjjr0gw3rrk0nm.mp4
兵团卫视,http://183.11.239.36:808/hls/7/index.m3u8
兵团卫视,http://120.76.248.139/live/bfgd/4200000124.m3u8
兵团卫视,http://218.13.170.98:9901/tsfile/live/0115_1.m3u8
海峡卫视,http://8.138.7.223/tv/hxws.m3u8
海峡卫视,http://38.64.72.148:80/hls/modn/list/4009/chunklist0.m3u8
海峡卫视,http://38.64.72.148:80/hls/modn/list/4009/playlist.m3u8
农林卫视,http://120.76.248.139/live/bfgd/4200000122.m3u8
农林卫视,http://8.138.7.223/【公众号：榴芒电视】/农林卫视.m3u8
农林卫视,http://124.116.183.146:9901/tsfile/live/1004_1.m3u8
农林卫视,http://124.116.183.146:9901/tsfile/live/1004_1.m3u8?key=txiptv&playlive=1&authid=0
东方卫视4K,https://bp-resource-dfl.bestv.cn/148/3/video.m3u8
北京卫视4K超,http://183.215.134.239:19901/tsfile/live/0122_1.m3u8?key=txiptv&playlive=1&authid=0
苏州4K,https://tylive.kan0512.com/norecord/csztv4k_4k.m3u8
龙华电影,https://cdn8.163189.xyz/live/lhdy/stream.m3u8
AMC电影,http://61.221.215.25:8800/hls/43/index.m3u8
CHC电影,http://183.237.95.108:9901/tsfile/live/1008_1.m3u8?key=txiptv&playlive=0&authid=0
人在囧途,https://vip.ffzy-play.com/20221018/1953_2d6ba500/index.m3u8
人在囧途之泰囧,https://vip.ffzy-play.com/20221018/1951_47e1adc8/index.m3u8
人在囧途之港囧,https://vip.ffzy-play7.com/20230112/11082_fde1a94d/index.m3u8
倩女幽魂人间道,http://jsmov2.a.yximgs.com/bs3/video-hls/5250634317044855747_hlsb.m3u8
倩女幽魂妖魔道,http://jsmov2.a.yximgs.com/bs3/video-hls/5232901391302199073_hlsb.m3u8
倩女幽魂道道道,http://jsmov2.a.yximgs.com/bs3/video-hls/5216294367991385255_hlsb.m3u8
冰冰影剧,http://www.goodiptv.club/douyu/74374
刀刀影院,http://www.goodiptv.club/douyu/747764
华语影视,http://www.goodiptv.club/douyu/3928
古装武侠,http://www.goodiptv.club/douyu/2793084
四叶草影视,https://goodiptv.club/douyu/9446117
大荒电影,https://goodiptv.club/douyu/3508538
寒战,https://vip.ffzy-play6.com/20221019/157_bf0740ee/index.m3u8
影视梗大叔,https://goodiptv.club/douyu/9480648
我不是药神,https://vip.ffzy-play1.com/20221018/478_c3afed66/index.m3u8
拆弹专家1,https://vip.ffzy-online.com/20221015/719_80ff87c2/index.m3u8
拆弹专家2,https://vip.ffzy-online.com/20221015/722_e32c42bc/index.m3u8
斗鱼港剧,http://www.goodiptv.club/douyu/5061550
无际电影,https://goodiptv.club/douyu/9720498
橙记港剧,http://www.goodiptv.club/douyu/4549169
每日好电影V,https://goodiptv.club/douyu/9533302
热门港剧,http://www.goodiptv.club/douyu/5522351
爱星影视,https://goodiptv.club/douyu/9476806
猫眼电影,https://goodiptv.club/douyu/8726221
电影丧尸片,http://live.metshop.top/huya/21059578?cdn=alicdn
电影八点档,http://live.metshop.top/huya/880261?cdn=alicdn
电影刘德华,http://live.metshop.top/huya/11342424?cdn=alicdn
电影刘油果,https://goodiptv.club/douyu/3985805
电影功夫片,http://live.metshop.top/huya/11352941?cdn=alicdn
电影动作电影,http://live.metshop.top/huya/11602077?cdn=alicdn
电影周星星,http://live.metshop.top/huya/11336587?cdn=alicdn
电影嫣然影厅,http://live.metshop.top/huya/11601977?cdn=alicdn
电影战争片,http://live.metshop.top/huya/21059574?cdn=alicdn
电影搞笑喜剧,http://live.metshop.top/huya/11342423?cdn=alicdn
电影梁家辉,http://live.metshop.top/huya/11342429?cdn=alicdn
电影谍战,http://live.metshop.top/huya/21059585?cdn=alicdn
电影谍战片,http://live.metshop.top/huya/21059587?cdn=alicdn
电影贺岁,http://live.metshop.top/huya/11601971?cdn=alicdn
电影高分动作,http://live.metshop.top/huya/11352884?cdn=alicdn
经典剧集,http://www.goodiptv.club/douyu/6863367
美亚电影,https://live.tvfix.org/live/mydy/index.m3u8
美亚电影,http://zjrtv.vip/live/?tbs=mydy
让子弹飞,https://vip.ffzy-play7.com/20230116/11563_b9f44814/index.m3u8
豆瓣电影,https://live.tvfix.org/live/cmc/index.m3u8
贝爷求生,http://www.goodiptv.club/douyu/9661369
贝爷求生影视,https://goodiptv.club/douyu/9661369
贰哥电影,https://goodiptv.club/douyu/9338867
邵氏影院,http://www.goodiptv.club/douyu/4246519
韩国电影1,https://stream.ads.ottera.tv/playlist.m3u8?network_id=595
韩国电影2,https://stream.ads.ottera.tv/playlist.m3u8?network_id=743
香兰爱影视,https://goodiptv.club/douyu/9487090
龙门飞甲,http://jsmov2.a.yximgs.com/bs3/video-hls/5203346449046555193_hlsb.m3u8
纪实科教8K,http://111.31.106.140/downflv.brtvcloud.com/8klive/8kliveok.m3u8
南国都市,https://tencentplay.gztv.com/live/nanguodushi.m3u8?txSecret=550af55c0ea34ce492748481415b6dfa&txTime=1903e7b17de
新视觉,http://120.76.248.139/live/bfgd/4200000249.m3u8
纪实科教,http://120.76.248.139/live/bfgd/4200000113.m3u8
广东少儿,http://gmxw.7766.org:808/hls/175/index.m3u8
韩国EBS少儿,http://ebsonairios.ebs.co.kr/ebsutablet500k/tablet500k/playlist.m3u8
3秒爱上学习V,https://goodiptv.club/douyu/9541736
Biu餐厅主管,https://goodiptv.club/douyu/7921708
Ethan清醒思考,https://goodiptv.club/douyu/9481151
Fatal飞雪,https://goodiptv.club/douyu/8813596
LOUIS樱,https://goodiptv.club/douyu/9235284
bestthings丶放假,https://goodiptv.club/douyu/11752532
三代鹿人v,https://goodiptv.club/douyu/9629717
不思异剧场,https://goodiptv.club/douyu/9297412
世界纪录大全,https://goodiptv.club/douyu/9406359
乌拉吖有剧,https://goodiptv.club/douyu/10075154
书岳钓鱼,https://goodiptv.club/douyu/10100206
亮亮也是酿酿,https://goodiptv.club/douyu/4340136
仓鼠大逃亡,https://goodiptv.club/douyu/10354920
农氏野钓,https://goodiptv.club/douyu/10103361
利利川,https://goodiptv.club/douyu/9329249
勇敢的荒野人,https://goodiptv.club/douyu/9618038
只关于篮球的只老师,https://goodiptv.club/douyu/9367541
周六野Zoey,https://goodiptv.club/douyu/8912150
咸鱼翻身是另一面咸鱼,https://goodiptv.club/douyu/527076
喵来啦V,https://goodiptv.club/douyu/8657669
壹丨哥,https://goodiptv.club/douyu/5692901
大蓝雀,https://goodiptv.club/douyu/8656759
天才大熊猫啊,https://goodiptv.club/douyu/10646699
婧公子,https://goodiptv.club/douyu/9464182
宇宙探索飞船,https://goodiptv.club/douyu/9456028
尉迟杰影评,https://goodiptv.club/douyu/8850682
少女娜娜酱,https://goodiptv.club/douyu/9445557
岚FLL,https://goodiptv.club/douyu/9409703
忆暄Ethan,https://goodiptv.club/douyu/9570042
懂懂1234,https://goodiptv.club/douyu/8729614
戴萌兔,https://goodiptv.club/douyu/9522315
搞笑动漫大本营,https://goodiptv.club/douyu/9650181
搞笑天堂岛,https://goodiptv.club/douyu/6916081
文曰小强,https://goodiptv.club/douyu/2680501
暴躁少女零九,https://goodiptv.club/douyu/9065302
有趣视频分享,https://goodiptv.club/douyu/1816353
梦夫人啊,https://goodiptv.club/douyu/9384527
植物椿de房间,https://goodiptv.club/douyu/9771247
正宗吔汁吔树牌,https://goodiptv.club/douyu/10217953
民工小代,https://goodiptv.club/douyu/9616619
求求扣扣困困,https://goodiptv.club/douyu/8795274
沉郁观影,https://goodiptv.club/douyu/9393577
海森堡事件录,https://goodiptv.club/douyu/9754849
漫威君,https://goodiptv.club/douyu/1713615
爆笑行为大赏,https://goodiptv.club/douyu/10329767
犀利影评,https://goodiptv.club/douyu/9647845
猪肉熟了,https://goodiptv.club/douyu/296836
